   R0 = 0x00000001
   R1 = 0x00000003
   R2 = 0x00000000
   R3 = 0x00000004
   R4 = 0x200043c4  <- spi: 0x20004000+0x3c4
   R5 = 0x20004000  <- spi: 0x20004000+0x0
   R6 = 0x20004800  <- user_leds: 0x20004800+0x0
   R7 = 0x20000ea8  <- kernel: 0x20000000+0xea8
   R8 = 0x200001d0  <- kernel: 0x20000000+0x1d0
   R9 = 0x200047ff  <- spi: 0x20004000+0x7ff
  R10 = 0x20000ee4  <- kernel: 0x20000000+0xee4
  R11 = 0x0000000d
  R12 = 0x00000002
   SP = 0x20000e60  <- kernel: 0x20000000+0xe60
   LR = 0x200043db  <- spi: 0x20004000+0x3db
   PC = 0x080035b0  <- kernel: borrow_lease+0x15c
  PSR = 0x2100000b
  MSP = 0x20000e60
  PSP = 0x20003b18
  SPR = 0x05000000
