   R0 = 0x00000003
   R1 = 0x00000060
   R2 = 0x00000000
   R3 = 0x080049dc  <- kernel: 0x8004284+0x758
   R4 = 0x20000190  <- kernel: 0x20000000+0x190
   R5 = 0x00000060
   R6 = 0x08005170  <- kernel: 0x8004e24+0x34c
   R7 = 0x20000f10  <- kernel: 0x20000000+0xf10
   R8 = 0x0000000b
   R9 = 0x00000008
  R10 = 0x080160b8  <- i2c_driver: 0x8014000+0x20b8
  R11 = 0x00000007
  R12 = 0x20002b08  <- i2c_driver: 0x20002800+0x308
   SP = 0x20000f10  <- kernel: 0x20000000+0xf10
   LR = 0x08003b6f  <- kernel: DefaultHandler+0x63
   PC = 0x0800383e  <- kernel: disable_irq+0xa
  PSR = 0x41000070
  MSP = 0x20000f10
  PSP = 0x20002b08
  SPR = 0x01000000
