   R0 = 0x00000000  <- kernel: 0x0+0x0
   R1 = 0x00000000  <- kernel: 0x0+0x0
   R2 = 0x00000000  <- kernel: 0x0+0x0
   R3 = 0x00000004  <- kernel: __RESET_VECTOR+0x0
   R4 = 0x200013ac  <- jefe: 0x20001000+0x3ac
   R5 = 0x20000f10  <- kernel: 0x20000000+0xf10
   R6 = 0x20000244  <- kernel: 0x20000000+0x244
   R7 = 0x20000f50  <- kernel: 0x20000000+0xf50
   R8 = 0x200001a8  <- kernel: 0x20000000+0x1a8
   R9 = 0x200001ac  <- kernel: 0x20000000+0x1ac
  R10 = 0x00000014  <- kernel: __EXCEPTIONS+0xc
  R11 = 0x20000248  <- kernel: 0x20000000+0x248
  R12 = 0x200012d8  <- jefe: 0x20001000+0x2d8
   SP = 0x20000eb0  <- kernel: 0x20000000+0xeb0
   LR = 0x000029b1  <- kernel: syscall_entry+0x975
   PC = 0x00002a92  <- kernel: syscall_entry+0xa56
  PSR = 0x8100000b
  MSP = 0x20000eb0
  PSP = 0x200012d8
  SPR = 0x0d000000
