   R0 = 0x00000008
   R1 = 0x00000001
   R2 = 0x00000008
   R3 = 0x20002ad4  <- i2c_driver: 0x20002800+0x2d4
   R4 = 0x00000008
   R5 = 0x00000001
   R6 = 0x00008220
   R7 = 0x20002b18  <- i2c_driver: 0x20002800+0x318
   R8 = 0x20002bd0  <- i2c_driver: 0x20002800+0x3d0
   R9 = 0x08014051  <- i2c_driver: call_once<closure-1,(u32)>+0x1
  R10 = 0x00000040
  R11 = 0x00000007
  R12 = 0x00000000
   SP = 0x20002ae0  <- i2c_driver: 0x20002800+0x2e0
   LR = 0x08015bc1  <- i2c_driver: enable_segment+0x10d
   PC = 0x08016408  <- i2c_driver: sys_irq_control_stub+0xe
  PSR = 0x01000000
  MSP = 0x20000f58
  PSP = 0x20002ae0
  SPR = 0x07000000
