   R0 = 0x00000000
   R1 = 0x0000000a
   R2 = 0x80000000
   R3 = 0x00000000
   R4 = 0x20003600  <- assist: 0x20003000+0x600
   R5 = 0x00000004
   R6 = 0x00000004
   R7 = 0x20000e58  <- kernel: 0x20000000+0xe58
   R8 = 0x00000014
   R9 = 0x200002b0  <- kernel: 0x20000000+0x2b0
  R10 = 0x200002ac  <- kernel: 0x20000000+0x2ac
  R11 = 0x00000002
  R12 = 0x0000ff9c
   SP = 0x20000e30  <- kernel: 0x20000000+0xe30
   LR = 0x08003d53  <- kernel: write_str<cortex_m::itm::Port>+0xd
   PC = 0x08003e3a  <- kernel: panic+0x36
  PSR = 0x4100000b
  MSP = 0x20000e30
  PSP = 0x200034d0
  SPR = 0x05000001
