   R0 = 0x00000000
   R1 = 0x00000003
   R2 = 0x00000003
   R3 = 0x00000003
   R4 = 0x0000000b
   R5 = 0x20000660  <- kernel: 0x20000000+0x660
   R6 = 0x000000b0
   R7 = 0x20000f50  <- kernel: 0x20000000+0xf50
   R8 = 0x0000ffff
   R9 = 0x20000190  <- kernel: 0x20000000+0x190
  R10 = 0x00000007
  R11 = 0x00000003
  R12 = 0x20002340  <- usart_driver: 0x20002000+0x340
   SP = 0x20000eb0  <- kernel: 0x20000000+0xeb0
   LR = 0x08002645  <- kernel: syscall_entry+0x3bd
   PC = 0x08002914  <- kernel: syscall_entry+0x68c
  PSR = 0x6100000b
  MSP = 0x20000eb0
  PSP = 0x20002340
  SPR = 0x05000000
