   R0 = 0x00000001
   R1 = 0x20000570  <- kernel: 0x20000400+0x170
   R2 = 0x00000003
   R3 = 0x20001594  <- jefe: 0x20001000+0x594
   R4 = 0x200014f0  <- jefe: 0x20001000+0x4f0
   R5 = 0xfffffffd
   R6 = 0x00000000
   R7 = 0x00000001
   R8 = 0x00000000
   R9 = 0x00000000
  R10 = 0x00000000
  R11 = 0x00000001
  R12 = 0x200014f0  <- jefe: 0x20001000+0x4f0
   SP = 0x20000320  <- kernel: 0x20000000+0x320
   LR = 0x08004913  <- kernel: SVCall+0x2b
   PC = 0x080031a4  <- kernel: syscall_entry+0x0
  PSR = 0x2100000b
  MSP = 0x20000320
  PSP = 0x200014f0
  SPR = 0x00000000
