   R0 = 0x00000048
   R1 = 0x00000049
   R2 = 0x00000012
   R3 = 0x080047b8  <- kernel: 0x8004064+0x754
   R4 = 0x20000210  <- kernel: 0x20000000+0x210
   R5 = 0x00000060
   R6 = 0x08005064  <- kernel: 0x8004c00+0x464
   R7 = 0x20000f50  <- kernel: 0x20000000+0xf50
   R8 = 0x0000000f
   R9 = 0x08014071  <- i2c_driver: call_once<closure-0,(u32)>+0x1
  R10 = 0x00000088
  R11 = 0x00000007
  R12 = 0x20002a78  <- i2c_driver: 0x20002800+0x278
   SP = 0x20000f18  <- kernel: 0x20000000+0xf18
   LR = 0x08003933  <- kernel: DefaultHandler+0x47
   PC = 0x08003942  <- kernel: DefaultHandler+0x56
  PSR = 0x81000070
  MSP = 0x20000f18
  PSP = 0x20002a78
  SPR = 0x01000000
