   R0 = 0x20000808  <- kernel: 0x20000400+0x408
   R1 = 0x00000004
   R2 = 0x00000004
   R3 = 0x00000000
   R4 = 0x00000000
   R5 = 0x00000009
   R6 = 0x20000548  <- kernel: 0x20000400+0x148
   R7 = 0x20000318  <- kernel: 0x20000000+0x318
   R8 = 0x00000000
   R9 = 0x00000000
  R10 = 0x00000000
  R11 = 0x00000001
  R12 = 0x20002328  <- usart_driver: 0x20002000+0x328
   SP = 0x20000268  <- kernel: 0x20000000+0x268
   LR = 0x0800316f  <- kernel: next<core::ops::range::Range<usize>, core::ops::range::Range<usize>>+0x13
   PC = 0x08003798  <- kernel: syscall_entry+0x5f4
  PSR = 0x2100000b
  MSP = 0x20000268
  PSP = 0x20002328
  SPR = 0x00000000
