   R0 = 0x00000001
   R1 = 0x00000001
   R2 = 0x00000001
   R3 = 0x00000001
   R4 = 0x20000ee4  <- kernel: 0x20000000+0xee4
   R5 = 0x000000b0
   R6 = 0x00000006
   R7 = 0x20000ea8  <- kernel: 0x20000000+0xea8
   R8 = 0x20000ee4  <- kernel: 0x20000000+0xee4
   R9 = 0x20003bc3  <- spi: 0x20003800+0x3c3
  R10 = 0x20000190  <- kernel: 0x20000000+0x190
  R11 = 0x00000001
  R12 = 0x00000001
   SP = 0x20000e80  <- kernel: 0x20000000+0xe80
   LR = 0x080019a7  <- kernel: can_access<u8>+0x25
   PC = 0x08003384  <- kernel: safe_copy+0x1c
  PSR = 0x2100000b
  MSP = 0x20000e80
  PSP = 0x20003318
  SPR = 0x05000000
