   R0 = 0x00000001
   R1 = 0x20003bac
   R2 = 0x00000001
   R3 = 0x00000004
   R4 = 0x20000edc
   R5 = 0x0000000a
   R6 = 0x00000000
   R7 = 0x20000ea8
   R8 = 0x200043bc
   R9 = 0x20003bac
  R10 = 0x00000001
  R11 = 0x00000001
  R12 = 0x200047ff
   SP = 0x20000e80
   LR = 0x080034e5
   PC = 0x080034e4
  PSR = 0x2100000b
  MSP = 0x20000e80
  PSP = 0x20003b18
  SPR = 0x05000000
