   R0 = 0x200123e8  <- spi2_driver: __RINGBUF+0x0
   R1 = 0x0000017d
   R2 = 0x00060001
   R3 = 0x00000000
   R4 = 0x00000009
   R5 = 0x200123e8  <- spi2_driver: __RINGBUF+0x0
   R6 = 0x00000006
   R7 = 0x200122d0  <- spi2_driver: 0x20012000+0x2d0
   R8 = 0x20012478  <- spi2_driver: __RINGBUF+0x90
   R9 = 0x00000000
  R10 = 0x00000000
  R11 = 0x2001232c  <- spi2_driver: 0x20012000+0x32c
  R12 = 0x00000000
   SP = 0x200122b8  <- spi2_driver: 0x20012000+0x2b8
   LR = 0x08038a4f  <- spi2_driver: ready_writey+0x1f3
   PC = 0x080381c4  <- spi2_driver: entry<drv_stm32h7_spi_server::Trace, 64>+0x1c
  PSR = 0x81000000
  MSP = 0x20000350
  PSP = 0x200122b8
  SPR = 0x07000000
