   R0 = 0x0000000c
   R1 = 0xfffffff3
   R2 = 0x00000001
   R3 = 0x200042d4  <- spd: 0x20004000+0x2d4
   R4 = 0x00000001
   R5 = 0x00000001
   R6 = 0x00001e00
   R7 = 0x20004320  <- spd: 0x20004000+0x320
   R8 = 0x40005400  <- [i2c1]+0x0
   R9 = 0x00000000
  R10 = 0x2000450c  <- spd: __RINGBUF+0x0
  R11 = 0x00000007
  R12 = 0x00000000
   SP = 0x20000350  <- kernel: 0x20000000+0x350
   LR = 0xffffffed
   PC = 0x0800506c  <- kernel: SVCall+0xa
  PSR = 0x0100000b
  MSP = 0x20000350
  PSP = 0x20004278
  SPR = 0x01000000
