   R0 = 0x20001b5c  <- usart_driver: 0x20001800+0x35c
   R1 = 0x20004788  <- ping: 0x20004600+0x188
   R2 = 0x00000001
   R3 = 0x0800f0fa  <- ping: 0x800e000+0x10fa
   R4 = 0x00000005
   R5 = 0x00000009
   R6 = 0x20000498  <- kernel: HUBRIS_TASK_TABLE_SPACE+0x210
   R7 = 0x200001f8  <- kernel: 0x20000000+0x1f8
   R8 = 0x00000001
   R9 = 0x00000000
  R10 = 0x00000000
  R11 = 0x00000004
  R12 = 0x00000000
   SP = 0x20000140  <- kernel: 0x20000000+0x140
   LR = 0x0800251b  <- kernel: lease_table<kern::arch::arm_m::SavedState>+0x1f
   PC = 0x08000e18  <- kernel: syscall_entry+0x1d8
  PSR = 0x8100000b
  MSP = 0x20000140
  PSP = 0x20001ad8
  SPR = 0x01000000
