   R0 = 0x200013b0  <- jefe: 0x20001000+0x3b0
   R1 = 0x00000014  <- kernel: __EXCEPTIONS+0xc
   R2 = 0x00000000  <- kernel: 0x0+0x0
   R3 = 0x00000000  <- kernel: 0x0+0x0
   R4 = 0x00000001  <- kernel: 0x0+0x1
   R5 = 0x200013c8  <- jefe: 0x20001000+0x3c8
   R6 = 0x00000009  <- kernel: __EXCEPTIONS+0x1
   R7 = 0x20001358  <- jefe: 0x20001000+0x358
   R8 = 0x00000000  <- kernel: 0x0+0x0
   R9 = 0x00000009  <- kernel: __EXCEPTIONS+0x1
  R10 = 0x200013b0  <- jefe: 0x20001000+0x3b0
  R11 = 0x00000001  <- kernel: 0x0+0x1
  R12 = 0x200013b0  <- jefe: 0x20001000+0x3b0
   SP = 0x20001350  <- jefe: 0x20001000+0x350
   LR = 0x00000010  <- kernel: __EXCEPTIONS+0x8
   PC = 0x00011d80  <- jefe: __aeabi_memset4+0x2a
  PSR = 0x21000000
  MSP = 0x20000f58
  PSP = 0x20001350
  SPR = 0x07000000
