   R0 = 0x0800526c  <- kernel: HUBRIS_INTERRUPTS+0xc
   R1 = 0x00000000
   R2 = 0x00000238
   R3 = 0x08004bcc  <- kernel: 0x8004188+0xa44
   R4 = 0x00000001
   R5 = 0x08005260  <- kernel: HUBRIS_INTERRUPTS+0x0
   R6 = 0x080052e4  <- kernel: 0x8004188+0x115c
   R7 = 0x200003a0  <- kernel: 0x20000000+0x3a0
   R8 = 0x08003749  <- kernel: enable_irq+0x1
   R9 = 0x20000e98  <- kernel: DEVICE_PERIPHERALS+0x0
  R10 = 0x00000019
  R11 = 0x00000007
  R12 = 0x00000003
   SP = 0x200002f0  <- kernel: 0x20000000+0x2f0
   LR = 0x08002275  <- kernel: syscall_entry+0x545
   PC = 0x0800228e  <- kernel: syscall_entry+0x55e
  PSR = 0x0100000b
  MSP = 0x200002f0
  PSP = 0x20001248
  SPR = 0x05000000
