   R0 = 0x20000ee8
   R1 = 0x00000007
   R2 = 0x0000000c
   R3 = 0x00004704
   R4 = 0x20000ee4
   R5 = 0x200005c8
   R6 = 0x00000000
   R7 = 0x20000ea8
   R8 = 0x00000006
   R9 = 0x00000000
  R10 = 0x200001a8
  R11 = 0x00000003
  R12 = 0x20002b38
   SP = 0x20000ea0
   LR = 0x0000200b
   PC = 0x00002030
  PSR = 0x87002c0b
  MSP = 0x20000ea0
  PSP = 0x20002b38
  SPR = 0x0d000000
