   R0 = 0x00000004
   R1 = 0x20000780  <- kernel: 0x20000400+0x380
   R2 = 0x00000001
   R3 = 0x20002390  <- usart_driver: 0x20002000+0x390
   R4 = 0x20002330  <- usart_driver: 0x20002000+0x330
   R5 = 0xfffffffd
   R6 = 0x20000780  <- kernel: 0x20000400+0x380
   R7 = 0x20000318  <- kernel: 0x20000000+0x318
   R8 = 0x00000001
   R9 = 0x00000000
  R10 = 0x00000000
  R11 = 0x00000004
  R12 = 0x20002330  <- usart_driver: 0x20002000+0x330
   SP = 0x20000268  <- kernel: 0x20000000+0x268
   LR = 0x08004913  <- kernel: SVCall+0x2b
   PC = 0x080031ac  <- kernel: syscall_entry+0x8
  PSR = 0x2100000b
  MSP = 0x20000268
  PSP = 0x20002330
  SPR = 0x01000000
