   R0 = 0x20008100  <- idle: 0x20008000+0x100
   R1 = 0x20008100  <- idle: 0x20008000+0x100
   R2 = 0x00000000
   R3 = 0x00000000
   R4 = 0x00000000
   R5 = 0x00000000
   R6 = 0x00000000
   R7 = 0x200080f8  <- idle: 0x20008000+0xf8
   R8 = 0x00000000
   R9 = 0x00000000
  R10 = 0x00000000
  R11 = 0x00000000
  R12 = 0x00000000
   SP = 0x200080f8  <- idle: 0x20008000+0xf8
   LR = 0x0803804f  <- idle: _start+0x4f
   PC = 0x08038056  <- idle: main+0x6
  PSR = 0x61000000
  MSP = 0x20000f58
  PSP = 0x200080f8
  SPR = 0x07000000
