   R0 = 0x2000c300
   R1 = 0x2000c300
   R2 = 0x00000000
   R3 = 0x00000000
   R4 = 0x00000000
   R5 = 0x00000000
   R6 = 0x00000000
   R7 = 0x2000c2f8
   R8 = 0x00000000
   R9 = 0x00000000
  R10 = 0x00000000
  R11 = 0x00000000
  R12 = 0x00000000
   SP = 0x2000c2f8
   LR = 0x0802a04f
   PC = 0x0802a056
  PSR = 0x61000000
  MSP = 0x20000f50
  PSP = 0x2000c2f8
  SPR = 0x07000000
