   R0 = 0x20000840  <- idle: 0x20000800+0x40
   R1 = 0x20000840  <- idle: 0x20000800+0x40
   R2 = 0x00000000
   R3 = 0x00000000
   R4 = 0x00000000
   R5 = 0x00000000
   R6 = 0x00000000
   R7 = 0x20000838  <- idle: 0x20000800+0x38
   R8 = 0x00000000
   R9 = 0x00000000
  R10 = 0x00000000
  R11 = 0x00000000
  R12 = 0x00000000
   SP = 0x20000838  <- idle: 0x20000800+0x38
   LR = 0x08002f2b  <- idle: _start+0x2b
   PC = 0x08002f44  <- idle: main+0x4
  PSR = 0x61000000
  MSP = 0x20000200
  PSP = 0x20000838
  SPR = 0x03000000
