   R0 = 0x00000008
   R1 = 0x00000001
   R2 = 0x00000008
   R3 = 0x20002b64  <- i2c_driver: 0x20002800+0x364
   R4 = 0x00000008
   R5 = 0x00000001
   R6 = 0x20002bd4  <- i2c_driver: 0x20002800+0x3d4
   R7 = 0x20002bf8  <- i2c_driver: 0x20002800+0x3f8
   R8 = 0x00000001
   R9 = 0x00000008
  R10 = 0x00000008
  R11 = 0x00000007
  R12 = 0x00000000
   SP = 0x20002b70  <- i2c_driver: 0x20002800+0x370
   LR = 0x08014921  <- i2c_driver: main+0x801
   PC = 0x08015ac8  <- i2c_driver: sys_irq_control_stub+0xe
  PSR = 0x01000000
  MSP = 0x20000f58
  PSP = 0x20002b70
  SPR = 0x07000000
