   R0 = 0x00024001  <- user_leds: _start+0x1
   R1 = 0x00000001  <- kernel: 0x0+0x1
   R2 = 0xe000ed94
   R3 = 0xe000ed94
   R4 = 0x00000001  <- kernel: 0x0+0x1
   R5 = 0x00000005  <- kernel: __RESET_VECTOR+0x1
   R6 = 0x00000006  <- kernel: __RESET_VECTOR+0x2
   R7 = 0x20000e98  <- kernel: 0x20000000+0xe98
   R8 = 0x2000008c  <- kernel: 0x20000000+0x8c
   R9 = 0x00000000  <- kernel: 0x0+0x0
  R10 = 0x00004000  <- kernel: HardFaultTrampoline+0xa
  R11 = 0x00000004  <- kernel: __RESET_VECTOR+0x0
  R12 = 0x00000018  <- kernel: __EXCEPTIONS+0x10
   SP = 0x20000e80  <- kernel: 0x20000000+0xe80
   LR = 0x00000008  <- kernel: __EXCEPTIONS+0x0
   PC = 0x00001ecc  <- kernel: apply_memory_protection+0x24
  PSR = 0x8100000b
  MSP = 0x20000e80
  PSP = 0x20002f00
  SPR = 0x0d000000
