   R0 = 0x200004d0  <- kernel: 0x20000000+0x4d0
   R1 = 0x000002c0
   R2 = 0x00000012
   R3 = 0x080047b8  <- kernel: 0x8004064+0x754
   R4 = 0x00000007
   R5 = 0x200004f8  <- kernel: 0x20000000+0x4f8
   R6 = 0x20002bcc  <- i2c_driver: 0x20002800+0x3cc
   R7 = 0x20000f50  <- kernel: 0x20000000+0xf50
   R8 = 0x08014051  <- i2c_driver: call_once<closure-1,(u32)>+0x1
   R9 = 0x00000008
  R10 = 0x20000210  <- kernel: 0x20000000+0x210
  R11 = 0x00000004
  R12 = 0x20002aa8  <- i2c_driver: 0x20002800+0x2a8
   SP = 0x20000eb0  <- kernel: 0x20000000+0xeb0
   LR = 0x0800208f  <- kernel: syscall_entry+0x27
   PC = 0x080022ee  <- kernel: syscall_entry+0x286
  PSR = 0x0100000b
  MSP = 0x20000eb0
  PSP = 0x20002aa8
  SPR = 0x05000000
