MODULE             VARIABLE                                   ADDR       SIZE
net                drv_local_vpd::__RINGBUF                   0x24009c18 28
net                ksz8463::__RINGBUF                         0x2400f438 268
net                task_net::I2C                              0x08032c6a 2
net                task_net::ITER_COUNT                       0x2400f694 4
net                task_net::SYS                              0x08032c68 2
net                task_net::bsp::JEFE                        0x08032b86 2
net                task_net::bsp_support::SPI                 0x08032b84 2
net                task_net::buf::claim_rx_statics::RX_BUF    0x300018c0 6144
net                task_net::buf::claim_rx_statics::RX_DESC   0x30001880 64
net                task_net::buf::claim_rx_statics::TAKEN     0x2400f691 1
net                task_net::buf::claim_tx_statics::TAKEN     0x2400f690 1
net                task_net::buf::claim_tx_statics::TX_BUF    0x30000080 6144
net                task_net::buf::claim_tx_statics::TX_DESC   0x30000000 128
net                task_net::generated::CTOR_FLAG             0x2400f693 1
net                task_net::generated::SOCK_RX_DAT_BROADCAST 0x2400ac38 2048
net                task_net::generated::SOCK_RX_DAT_CONTROL_PLANE_AGENT 0x2400c438 4096
net                task_net::generated::SOCK_RX_DAT_ECHO      0x2400dc38 2048
net                task_net::generated::SOCK_RX_DAT_RPC       0x2400ec38 2048
net                task_net::generated::SOCK_RX_HDR_BROADCAST 0x24009828 144
net                task_net::generated::SOCK_RX_HDR_CONTROL_PLANE_AGENT 0x24009948 144
net                task_net::generated::SOCK_RX_HDR_ECHO      0x24009a68 144
net                task_net::generated::SOCK_RX_HDR_RPC       0x24009b88 144
net                task_net::generated::SOCK_TX_DAT_BROADCAST 0x2400a438 2048
net                task_net::generated::SOCK_TX_DAT_CONTROL_PLANE_AGENT 0x2400b438 4096
net                task_net::generated::SOCK_TX_DAT_ECHO      0x2400d438 2048
net                task_net::generated::SOCK_TX_DAT_RPC       0x2400e438 2048
net                task_net::generated::SOCK_TX_HDR_BROADCAST 0x24009798 144
net                task_net::generated::SOCK_TX_HDR_CONTROL_PLANE_AGENT 0x240098b8 144
net                task_net::generated::SOCK_TX_HDR_ECHO      0x240099d8 144
net                task_net::generated::SOCK_TX_HDR_RPC       0x24009af8 144
net                task_net::mgmt::__RINGBUF                  0x2400a228 528
net                task_net::server_impl::claim_server_storage_statics::STORAGE 0x24009c38 1520
net                task_net::server_impl::claim_server_storage_statics::TAKEN 0x2400f692 1
net                tlvc::CRC                                  0x08035394 1028
net                userlib::panic::PANIC_BUFFER               0x2400f544 128
net                vsc85xx::__RINGBUF                         0x2400f5c4 204
net                vsc85xx::viper::VIPER_PATCH                0x0803586c 92
net                vsc85xx::viper::VIPER_TR_CONFIG            0x080358c8 462
