humility: attached to dump
humility counters failed: no counters found with names containing "gimlet_seq" (-l to list)
