humility: attached to dump
humility counters failed: read of 4536 bytes from invalid address: 0x24000490
