ID TASK                STACKBASE  STACKSIZE   MAXDEPTH     MARGIN
 1 net                0x24008000       6040       4304       1736
