humility: attached to dump
humility: WARNING: no type for Jefe.get_dump_area: Result { ok: AttributedTy { ty: Ty("DumpArea"), recv: FromBytes }, err: CLike(Ty("DumpAgentError")) } (as basetype: "expected DumpArea to be a basetype"; as enum: "expected enum not found"; as struct: "DumpArea matches more than one structure"; as REPLY: "expected structure Jefe_get_dump_area_REPLY not found")
humility: WARNING: no type for Jefe.claim_dump_area: Result { ok: AttributedTy { ty: Ty("DumpArea"), recv: FromBytes }, err: CLike(Ty("DumpAgentError")) } (as basetype: "expected DumpArea to be a basetype"; as enum: "expected enum not found"; as struct: "DumpArea matches more than one structure"; as REPLY: "expected structure Jefe_claim_dump_area_REPLY not found")
