        SIZE NAME
         462 README.TXT
          46 git-rev
       26918 app.toml
          62 patches.toml
        2167 chip.toml
      367988 elf/task/jefe
     2645156 elf/task/net
      226136 elf/task/sys
      371544 elf/task/spi2_driver
      362196 elf/task/i2c_driver
      348928 elf/task/spd
     1449224 elf/task/thermal
     1375328 elf/task/power
      510156 elf/task/hiffy
     1292356 elf/task/gimlet_seq
      313504 elf/task/hash_driver
      380596 elf/task/hf
      272876 elf/task/update_server
      170320 elf/task/sensor
      660204 elf/task/host_sp_comms
      217772 elf/task/udpecho
      168904 elf/task/udpbroadcast
      240032 elf/task/udprpc
     2682352 elf/task/control_plane_agent
      653664 elf/task/sprot
     1162880 elf/task/validate
     1071048 elf/task/vpd
       71832 elf/task/user_leds
      226144 elf/task/dump_agent
     1097356 elf/task/sbrmi
       29788 elf/task/idle
      595516 elf/kernel
      732896 img/combined.elf
      732672 img/combined.bin
        1898 img/flash.ron
        1524 debug/script.gdb
        1586 debug/openocd.cfg
         235 debug/openocd.gdb
       73856 task/gimlet_seq/gimlet-regs-b.json
      732672 img/final.bin
      732896 img/final.elf
