system time = 62053
ID TASK                       GEN PRI STATE    
 1 net                          0   5 FAULT: panicked at 'MAC RX watchdog', task/net/src/main.rs:263:41 (was: ready)
   |
   +--->  0x24008cd8 0x08030952 userlib::sys_panic_stub
   |                 @ /hubris/sys/userlib/src/lib.rs:990
   |      0x24008d10 0x08030988 userlib::sys_panic
   |                 @ /hubris/sys/userlib/src/lib.rs:982
   |      0x24008d10 0x0803098c rust_begin_unwind
   |                 @ /hubris/sys/userlib/src/lib.rs:1298
   |      0x24008d30 0x08028c8e core::panicking::panic_fmt
   |                 @ /rustc/95a3a7277b44bbd2dd3485703d9a05f64652b60e/library/core/src/panicking.rs:50
   |      0x24009798 0x08027248 main
   |                 @ /hubris/task/net/src/main.rs:142
   |
   |
   +--->   R0 = 0x2400f544   R1 = 0x0000003a   R2 = 0x2400f57e   R3 = 0x2400f57e
   |       R4 = 0x2400f544   R5 = 0x0000003a   R6 = 0x24009528   R7 = 0x24008d08
   |       R8 = 0x0000f265   R9 = 0x00000000  R10 = 0x00000000  R11 = 0x00000008
   |      R12 = 0x2400f574   SP = 0x24008cc8   LR = 0x0803098d   PC = 0x08030952
   |      PSR = 0x61000000
   |
   +-----------> 0x24000688 Task {
                    save: SavedState {
                        r4: 0x2400f544,
                        r5: 0x3a,
                        r6: 0x24009528,
                        r7: 0x24008d08,
                        r8: 0xf265,
                        r9: 0x0,
                        r10: 0x0,
                        r11: 0x8,
                        psp: 0x24008c60,
                        exc_return: 0xffffffed,
                        s16: 0x0,
                        s17: 0x0,
                        s18: 0x0,
                        s19: 0x0,
                        s20: 0x0,
                        s21: 0x0,
                        s22: 0x0,
                        s23: 0x0,
                        s24: 0x0,
                        s25: 0x0,
                        s26: 0x0,
                        s27: 0x0,
                        s28: 0x0,
                        s29: 0x0,
                        s30: 0x0,
                        s31: 0x0
                    },
                    priority: Priority(0x5),
                    state: Faulted {
                        fault: Panic,
                        original_state: Runnable
                    },
                    timer: TimerState {
                        deadline: Some(Timestamp(0xf459)),
                        to_post: NotificationSet(0x4)
                    },
                    generation: 0x0,
                    notifications: 0x0,
                    descriptor: 0x8005854 (&kern::descs::TaskDesc)
                }

